RAM : INIT : Loading RAM contents from ./INITIALISED_FILE.txt
WARNING: ./ram_tiny_CPU.v:23: $readmemh: The behaviour for reg[...] mem[N:0]; $readmemh("...", mem); changed in the 1364-2005 standard. To avoid ambiguity, use mem[0:N] or explicit range parameters $readmemh("...", mem, start, stop);. Defaulting to 1364-2005 behavior.
WARNING: ./ram_tiny_CPU.v:23: $readmemh(./INITIALISED_FILE.txt): Not enough words in the file for the requested range [0:4095].
VCD info: dumpfile CPU_testbench.vcd opened for output.
pc_in = xxxxxxxx, pc_out = 00000000, state = 000
pc_in = 00000004, pc_out = 00000000, state = 000
-------------------           1 --------------------------
FETCH         - readdata_to_CPU: xxxxxxxx, ALUOut: 00000000
pc_in = 00000004, pc_out = 00000004, state = 001
pc_in = 00000008, pc_out = 00000004, state = 001
pc_in = 00000004, pc_out = 00000004, state = 001
DECODE        - readdata_to_CPU: 8c010028, ALUOut: 00000004, opcode: 100011
pc_in = 00000004, pc_out = 00000004, state = 010
pc_in = 00000028, pc_out = 00000004, state = 010
EXECUTE       - readdata_to_CPU: 8c010028, ALUOut: 00000004 opcode: 100011
pc_in = 00000028, pc_out = 00000004, state = 011
pc_in = 00000000, pc_out = 00000004, state = 011
MEMORY_ACCESS - readdata_to_CPU: 8c010028, ALUOut: 00000028 opcode: 100011
pc_in = 00000000, pc_out = 00000004, state = 100
WRITE_BACK    - readdata_to_CPU: 80010002, ALUOut: 00000000 opcode: 100000
-------------------           2 --------------------------
pc_in = 00000000, pc_out = 00000004, state = 000
pc_in = 00000008, pc_out = 00000004, state = 000
FETCH         - readdata_to_CPU: 80010002, ALUOut: 00000000
pc_in = 00000008, pc_out = 00000008, state = 001
pc_in = 00000030, pc_out = 00000008, state = 001
DECODE        - readdata_to_CPU: 8c02002c, ALUOut: 00000008 opcode: 100011
pc_in = 00000030, pc_out = 00000008, state = 010
pc_in = 00000034, pc_out = 00000008, state = 010
pc_in = 0000002c, pc_out = 00000008, state = 010
EXECUTE       - readdata_to_CPU: 8c02002c, ALUOut: 00000030 opcode: 100011
pc_in = 0000002c, pc_out = 00000008, state = 011
pc_in = 00000000, pc_out = 00000008, state = 011
MEMORY_ACCESS - readdata_to_CPU: 8c02002c, ALUOut: 0000002c opcode: 100011
pc_in = 00000000, pc_out = 00000008, state = 100
WRITE_BACK    - readdata_to_CPU: 00000001, ALUOut: 00000000 opcode: 000000
--------------------           3 -------------------------
pc_in = 00000000, pc_out = 00000008, state = 000
pc_in = 0000000c, pc_out = 00000008, state = 000
FETCH         - readdata_to_CPU: 00000001, ALUOut: 00000000
pc_in = 0000000c, pc_out = 0000000c, state = 001
pc_in = 00000010, pc_out = 0000000c, state = 001
pc_in = 00000038, pc_out = 0000000c, state = 001
DECODE        - readdata_to_CPU: 00011880, ALUOut: 0000000c opcode: 000000
pc_in = 00000038, pc_out = 0000000c, state = 010
pc_in = 00040008, pc_out = 0000000c, state = 010
EXECUTE       - readdata_to_CPU: 00011880, ALUOut: 00000038 opcode: 000000
pc_in = 00040008, pc_out = 0000000c, state = 011
pc_in = 80010002, pc_out = 0000000c, state = 011
MEMORY_ACCESS - readdata_to_CPU: 00011880, ALUOut: 00040008 opcode: 000000
pc_in = 80010002, pc_out = 0000000c, state = 100
WRITE_BACK    - readdata_to_CPU: 00011880, ALUOut: 80010002 opcode: 000000
--------------------           4 -------------------------
pc_in = 80010002, pc_out = 0000000c, state = 000
pc_in = 00000010, pc_out = 0000000c, state = 000
FETCH         - readdata_to_CPU: 00011880, ALUOut: 80010002
pc_in = 00000010, pc_out = 00000010, state = 001
pc_in = 00001890, pc_out = 00000010, state = 001
DECODE        - readdata_to_CPU: 00411884, ALUOut: 00000010 opcode: 000000
pc_in = 00001890, pc_out = 00000010, state = 010
pc_in = 18840000, pc_out = 00000010, state = 010
pc_in = 00020004, pc_out = 00000010, state = 010
EXECUTE       - readdata_to_CPU: 00411884, ALUOut: 00001890 opcode: 000000
pc_in = 00020004, pc_out = 00000010, state = 011
pc_in = 80010003, pc_out = 00000010, state = 011
MEMORY_ACCESS - readdata_to_CPU: 00411884, ALUOut: 00020004 opcode: 000000
pc_in = 80010003, pc_out = 00000010, state = 100
WRITE_BACK    - readdata_to_CPU: 00411884, ALUOut: 80010003 opcode: 000000
--------------------           5 -------------------------
pc_in = 80010003, pc_out = 00000010, state = 000
pc_in = 00000014, pc_out = 00000010, state = 000
FETCH         - readdata_to_CPU: 00411884, ALUOut: 80010003
pc_in = 00000014, pc_out = 00000014, state = 001
pc_in = 00000018, pc_out = 00000014, state = 001
pc_in = 00001898, pc_out = 00000014, state = 001
DECODE        - readdata_to_CPU: 00011882, ALUOut: 00000014 opcode: 000000
pc_in = 00001898, pc_out = 00000014, state = 010
pc_in = 20004000, pc_out = 00000014, state = 010
EXECUTE       - readdata_to_CPU: 00011882, ALUOut: 00001898 opcode: 000000
pc_in = 20004000, pc_out = 00000014, state = 011
pc_in = 80010002, pc_out = 00000014, state = 011
MEMORY_ACCESS - readdata_to_CPU: 00011882, ALUOut: 20004000 opcode: 000000
pc_in = 80010002, pc_out = 00000014, state = 100
WRITE_BACK    - readdata_to_CPU: 00011882, ALUOut: 80010002 opcode: 000000
--------------------           6 -------------------------
pc_in = 80010002, pc_out = 00000014, state = 000
pc_in = 00000018, pc_out = 00000014, state = 000
FETCH         - readdata_to_CPU: 00011882, ALUOut: 80010002
pc_in = 00000018, pc_out = 00000018, state = 001
pc_in = 0000189a, pc_out = 00000018, state = 001
DECODE        - readdata_to_CPU: 00411886, ALUOut: 00000018 opcode: 000000
pc_in = 0000189a, pc_out = 00000018, state = 010
pc_in = 00000000, pc_out = 00000018, state = 010
pc_in = 40008001, pc_out = 00000018, state = 010
EXECUTE       - readdata_to_CPU: 00411886, ALUOut: 0000189a opcode: 000000
pc_in = 40008001, pc_out = 00000018, state = 011
pc_in = 80010003, pc_out = 00000018, state = 011
MEMORY_ACCESS - readdata_to_CPU: 00411886, ALUOut: 40008001 opcode: 000000
pc_in = 80010003, pc_out = 00000018, state = 100
WRITE_BACK    - readdata_to_CPU: 00411886, ALUOut: 80010003 opcode: 000000
--------------------           7 -------------------------
pc_in = 80010003, pc_out = 00000018, state = 000
pc_in = 0000001c, pc_out = 00000018, state = 000
FETCH         - readdata_to_CPU: 00411886, ALUOut: 80010003
pc_in = 0000001c, pc_out = 0000001c, state = 001
pc_in = 00000020, pc_out = 0000001c, state = 001
pc_in = 000018a2, pc_out = 0000001c, state = 001
DECODE        - readdata_to_CPU: 00011883, ALUOut: 0000001c opcode: 000000
pc_in = 000018a2, pc_out = 0000001c, state = 010
pc_in = e0004000, pc_out = 0000001c, state = 010
EXECUTE       - readdata_to_CPU: 00011883, ALUOut: 000018a2 opcode: 000000
pc_in = e0004000, pc_out = 0000001c, state = 011
pc_in = 80010002, pc_out = 0000001c, state = 011
MEMORY_ACCESS - readdata_to_CPU: 00011883, ALUOut: e0004000 opcode: 000000
pc_in = 80010002, pc_out = 0000001c, state = 100
WRITE_BACK    - readdata_to_CPU: 00011883, ALUOut: 80010002 opcode: 000000
--------------------           8 -------------------------
pc_in = 80010002, pc_out = 0000001c, state = 000
pc_in = 00000020, pc_out = 0000001c, state = 000
FETCH         - readdata_to_CPU: 00011883, ALUOut: 80010002
pc_in = 00000020, pc_out = 00000020, state = 001
pc_in = 000018a3, pc_out = 00000020, state = 001
DECODE        - readdata_to_CPU: 00411887, ALUOut: 00000020 opcode: 000000
pc_in = 000018a3, pc_out = 00000020, state = 010
pc_in = 00000000, pc_out = 00000020, state = 010
pc_in = c0008001, pc_out = 00000020, state = 010
EXECUTE       - readdata_to_CPU: 00411887, ALUOut: 000018a3 opcode: 000000
pc_in = c0008001, pc_out = 00000020, state = 011
pc_in = 80010003, pc_out = 00000020, state = 011
MEMORY_ACCESS - readdata_to_CPU: 00411887, ALUOut: c0008001 opcode: 000000
pc_in = 80010003, pc_out = 00000020, state = 100
WRITE_BACK    - readdata_to_CPU: 00411887, ALUOut: 80010003 opcode: 000000
--------------------           9 -------------------------
