RAM : INIT : Loading RAM contents from ./INITIALISED_FILE.txt
WARNING: ./ram_tiny_CPU.v:23: $readmemh: The behaviour for reg[...] mem[N:0]; $readmemh("...", mem); changed in the 1364-2005 standard. To avoid ambiguity, use mem[0:N] or explicit range parameters $readmemh("...", mem, start, stop);. Defaulting to 1364-2005 behavior.
WARNING: ./ram_tiny_CPU.v:23: $readmemh(./INITIALISED_FILE.txt): Not enough words in the file for the requested range [0:4095].
VCD info: dumpfile CPU_testbench.vcd opened for output.
pc_in = xxxxxxxx, pc_out = 00000000, state = 000
pc_in = 00000004, pc_out = 00000000, state = 000
-------------------           1 --------------------------
FETCH         - readdata_to_CPU: xxxxxxxx, ALUOut: 00000000
pc_in = 00000004, pc_out = 00000004, state = 001
pc_in = 00000008, pc_out = 00000004, state = 001
pc_in = 00000004, pc_out = 00000004, state = 001
DECODE        - readdata_to_CPU: 8c01001c, ALUOut: 00000004, opcode: 100011
pc_in = 00000004, pc_out = 00000004, state = 010
pc_in = 0000001c, pc_out = 00000004, state = 010
EXECUTE       - readdata_to_CPU: 8c01001c, ALUOut: 00000004 opcode: 100011
pc_in = 0000001c, pc_out = 00000004, state = 011
pc_in = 00000000, pc_out = 00000004, state = 011
MEMORY_ACCESS - readdata_to_CPU: 8c01001c, ALUOut: 0000001c opcode: 100011
pc_in = 00000000, pc_out = 00000004, state = 100
WRITE_BACK    - readdata_to_CPU: 00000004, ALUOut: 00000000 opcode: 000000
-------------------           2 --------------------------
pc_in = 00000000, pc_out = 00000004, state = 000
pc_in = 00000008, pc_out = 00000004, state = 000
FETCH         - readdata_to_CPU: 00000004, ALUOut: 00000000
pc_in = 00000008, pc_out = 00000008, state = 001
pc_in = 00000024, pc_out = 00000008, state = 001
DECODE        - readdata_to_CPU: 00011021, ALUOut: 00000008 opcode: 000000
pc_in = 00000024, pc_out = 00000008, state = 010
pc_in = 00001029, pc_out = 00000008, state = 010
pc_in = 00000004, pc_out = 00000008, state = 010
EXECUTE       - readdata_to_CPU: 00011021, ALUOut: 00000024 opcode: 000000
pc_in = 00000004, pc_out = 00000008, state = 011
MEMORY_ACCESS - readdata_to_CPU: 00011021, ALUOut: 00000004 opcode: 000000
pc_in = 00000004, pc_out = 00000008, state = 100
WRITE_BACK    - readdata_to_CPU: 00011021, ALUOut: 00000004 opcode: 000000
--------------------           3 -------------------------
pc_in = 00000004, pc_out = 00000008, state = 000
pc_in = 0000000c, pc_out = 00000008, state = 000
FETCH         - readdata_to_CPU: 00011021, ALUOut: 00000004
pc_in = 0000000c, pc_out = 0000000c, state = 001
pc_in = 00000010, pc_out = 0000000c, state = 001
pc_in = 0000102d, pc_out = 0000000c, state = 001
DECODE        - readdata_to_CPU: 24430004, ALUOut: 0000000c opcode: 001001
pc_in = 0000102d, pc_out = 0000000c, state = 010
pc_in = 00000008, pc_out = 0000000c, state = 010
EXECUTE       - readdata_to_CPU: 24430004, ALUOut: 0000102d opcode: 001001
pc_in = 00000008, pc_out = 0000000c, state = 011
pc_in = 00000004, pc_out = 0000000c, state = 011
MEMORY_ACCESS - readdata_to_CPU: 24430004, ALUOut: 00000008 opcode: 001001
pc_in = 00000004, pc_out = 0000000c, state = 100
pc_in = 0000000c, pc_out = 0000000c, state = 100
WRITE_BACK    - readdata_to_CPU: 24430004, ALUOut: 00000004 opcode: 001001
--------------------           4 -------------------------
pc_in = 0000000c, pc_out = 0000000c, state = 000
pc_in = 00000010, pc_out = 0000000c, state = 000
FETCH         - readdata_to_CPU: 24430004, ALUOut: 0000000c
pc_in = 00000010, pc_out = 00000010, state = 001
pc_in = 00000014, pc_out = 00000010, state = 001
DECODE        - readdata_to_CPU: 00200008, ALUOut: 00000010 opcode: 000000
pc_in = 00000014, pc_out = 00000010, state = 010
pc_in = 00000018, pc_out = 00000010, state = 010
pc_in = 00000004, pc_out = 00000010, state = 010
EXECUTE       - readdata_to_CPU: 00200008, ALUOut: 00000014 opcode: 000000
pc_in = 00000004, pc_out = 00000010, state = 011
MEMORY_ACCESS - readdata_to_CPU: 00200008, ALUOut: 00000004 opcode: 000000
pc_in = 00000004, pc_out = 00000010, state = 100
WRITE_BACK    - readdata_to_CPU: 00200008, ALUOut: 00000004 opcode: 000000
--------------------           5 -------------------------
pc_in = 00000004, pc_out = 00000010, state = 000
pc_in = 00000014, pc_out = 00000010, state = 000
FETCH         - readdata_to_CPU: 00200008, ALUOut: 00000004
pc_in = 00000014, pc_out = 00000014, state = 001
pc_in = 00000018, pc_out = 00000014, state = 001
pc_in = 0000001c, pc_out = 00000014, state = 001
DECODE        - readdata_to_CPU: ac430014, ALUOut: 00000014 opcode: 101011
pc_in = 0000001c, pc_out = 00000014, state = 010
pc_in = 00000018, pc_out = 00000014, state = 010
EXECUTE       - readdata_to_CPU: ac430014, ALUOut: 0000001c opcode: 101011
pc_in = 00000018, pc_out = 00000014, state = 011
pc_in = 0000000c, pc_out = 00000014, state = 011
MEMORY_ACCESS - readdata_to_CPU: ac430014, ALUOut: 00000018 opcode: 101011
pc_in = 0000000c, pc_out = 00000004, state = 100
WRITE_BACK    - readdata_to_CPU: ac430014, ALUOut: 0000000c opcode: 101011
--------------------           6 -------------------------
pc_in = 0000000c, pc_out = 00000004, state = 000
pc_in = 00000008, pc_out = 00000004, state = 000
FETCH         - readdata_to_CPU: ac430014, ALUOut: 0000000c
pc_in = 00000008, pc_out = 00000008, state = 001
pc_in = 0000001c, pc_out = 00000008, state = 001
DECODE        - readdata_to_CPU: 00011021, ALUOut: 00000008 opcode: 000000
pc_in = 0000001c, pc_out = 00000008, state = 010
pc_in = 00001029, pc_out = 00000008, state = 010
pc_in = 00000004, pc_out = 00000008, state = 010
EXECUTE       - readdata_to_CPU: 00011021, ALUOut: 0000001c opcode: 000000
pc_in = 00000004, pc_out = 00000008, state = 011
MEMORY_ACCESS - readdata_to_CPU: 00011021, ALUOut: 00000004 opcode: 000000
pc_in = 00000004, pc_out = 00000008, state = 100
WRITE_BACK    - readdata_to_CPU: 00011021, ALUOut: 00000004 opcode: 000000
--------------------           7 -------------------------
pc_in = 00000004, pc_out = 00000008, state = 000
pc_in = 0000000c, pc_out = 00000008, state = 000
FETCH         - readdata_to_CPU: 00011021, ALUOut: 00000004
pc_in = 0000000c, pc_out = 0000000c, state = 001
pc_in = 00000010, pc_out = 0000000c, state = 001
pc_in = 0000102d, pc_out = 0000000c, state = 001
DECODE        - readdata_to_CPU: 24430004, ALUOut: 0000000c opcode: 001001
pc_in = 0000102d, pc_out = 0000000c, state = 010
pc_in = 00000008, pc_out = 0000000c, state = 010
EXECUTE       - readdata_to_CPU: 24430004, ALUOut: 0000102d opcode: 001001
pc_in = 00000008, pc_out = 0000000c, state = 011
pc_in = 0000000c, pc_out = 0000000c, state = 011
MEMORY_ACCESS - readdata_to_CPU: 24430004, ALUOut: 00000008 opcode: 001001
pc_in = 0000000c, pc_out = 0000000c, state = 100
WRITE_BACK    - readdata_to_CPU: 24430004, ALUOut: 0000000c opcode: 001001
--------------------           8 -------------------------
pc_in = 0000000c, pc_out = 0000000c, state = 000
pc_in = 00000010, pc_out = 0000000c, state = 000
FETCH         - readdata_to_CPU: 24430004, ALUOut: 0000000c
pc_in = 00000010, pc_out = 00000010, state = 001
pc_in = 00000014, pc_out = 00000010, state = 001
DECODE        - readdata_to_CPU: 00200008, ALUOut: 00000010 opcode: 000000
pc_in = 00000014, pc_out = 00000010, state = 010
pc_in = 00000018, pc_out = 00000010, state = 010
pc_in = 00000004, pc_out = 00000010, state = 010
EXECUTE       - readdata_to_CPU: 00200008, ALUOut: 00000014 opcode: 000000
pc_in = 00000004, pc_out = 00000010, state = 011
MEMORY_ACCESS - readdata_to_CPU: 00200008, ALUOut: 00000004 opcode: 000000
pc_in = 00000004, pc_out = 00000010, state = 100
WRITE_BACK    - readdata_to_CPU: 00200008, ALUOut: 00000004 opcode: 000000
--------------------           9 -------------------------
